./sdriver.pl -t trace15.txt -s ./tsh -a "-p"
#
# trace15.txt - Putting it all together
#
tsh> ./bogus
./bogus: Command not found
tsh> ./myspin 10
Job [1] (3646) terminated by signal 2
tsh> ./myspin 3 &
[1] (3655) ./myspin 3 &
tsh> ./myspin 4 &
[2] (3657) ./myspin 4 &
tsh> jobs
[1] (3655) Running ./myspin 3 &
[2] (3657) Running ./myspin 4 &
tsh> fg %1
Job [1] (3655) stopped by signal 20
tsh> jobs
[1] (3655) Stopped ./myspin 3 &
[2] (3657) Running ./myspin 4 &
tsh> bg %3
%3: No such job
tsh> bg %1
[1] (3655) ./myspin 3 &
tsh> jobs
[1] (3655) Running ./myspin 3 &
[2] (3657) Running ./myspin 4 &
tsh> fg %1
tsh> quit
