./sdriver.pl -t trace01.txt -s ./tsh -a "-p"
#
# trace01.txt - Properly terminate on EOF.
#
./sdriver.pl -t trace02.txt -s ./tsh -a "-p"
#
# trace02.txt - Process builtin quit command.
#
./sdriver.pl -t trace03.txt -s ./tsh -a "-p"
#
# trace03.txt - Run a foreground job.
#
tsh> quit
./sdriver.pl -t trace04.txt -s ./tsh -a "-p"
#
# trace04.txt - Run a background job.
#
tsh> ./myspin 1 &
[1] (3025) ./myspin 1 &
./sdriver.pl -t trace05.txt -s ./tsh -a "-p"
#
# trace05.txt - Process jobs builtin command.
#
tsh> ./myspin 2 &
[1] (3051) ./myspin 2 &
tsh> ./myspin 3 &
[2] (3053) ./myspin 3 &
tsh> jobs
[1] (3051) Running ./myspin 2 &
[2] (3053) Running ./myspin 3 &
./sdriver.pl -t trace06.txt -s ./tsh -a "-p"
#
# trace06.txt - Forward SIGINT to foreground job.
#
tsh> ./myspin 4
Job [1] (3075) terminated by signal 2
./sdriver.pl -t trace07.txt -s ./tsh -a "-p"
#
# trace07.txt - Forward SIGINT only to foreground job.
#
tsh> ./myspin 4 &
[1] (3098) ./myspin 4 &
tsh> ./myspin 5
Job [2] (3100) terminated by signal 2
tsh> jobs
[1] (3098) Running ./myspin 4 &
./sdriver.pl -t trace08.txt -s ./tsh -a "-p"
#
# trace08.txt - Forward SIGTSTP only to foreground job.
#
tsh> ./myspin 4 &
[1] (3125) ./myspin 4 &
tsh> ./myspin 5
Job [2] (3127) stopped by signal 20
tsh> jobs
[1] (3125) Running ./myspin 4 &
[2] (3127) Stopped ./myspin 5 
./sdriver.pl -t trace09.txt -s ./tsh -a "-p"
#
# trace09.txt - Process bg builtin command
#
tsh> ./myspin 4 &
[1] (3170) ./myspin 4 &
tsh> ./myspin 5
Job [2] (3172) stopped by signal 20
tsh> jobs
[1] (3170) Running ./myspin 4 &
[2] (3172) Stopped ./myspin 5 
tsh> bg %2
[2] (3172) ./myspin 5 
tsh> jobs
[1] (3170) Running ./myspin 4 &
[2] (3172) Running ./myspin 5 
./sdriver.pl -t trace10.txt -s ./tsh -a "-p"
#
# trace10.txt - Process fg builtin command. 
#
tsh> ./myspin 4 &
[1] (3197) ./myspin 4 &
tsh> fg %1
Job [1] (3197) stopped by signal 20
tsh> jobs
[1] (3197) Stopped ./myspin 4 &
tsh> fg %1
tsh> jobs
./sdriver.pl -t trace11.txt -s ./tsh -a "-p"
#
# trace11.txt - Forward SIGINT to every process in foreground process group
#
tsh> ./mysplit 4
Job [1] (3227) terminated by signal 2
tsh> /bin/ps a
  PID TTY      STAT   TIME COMMAND
 1102 tty7     Ssl+  14:36 /usr/lib/xorg/Xorg -core :0 -seat seat0 -auth /var/run/lightdm/root/:0 -nolisten tcp vt7 -novtswitch
 1145 tty1     Ss+    0:00 /sbin/agetty --noclear tty1 linux
 2977 pts/0    S+     0:00 bash testall.sh
 3215 pts/0    S+     0:00 make test11
 3223 pts/0    S+     0:00 /bin/sh -c ./sdriver.pl -t trace11.txt -s ./tsh -a "-p"
 3224 pts/0    S+     0:00 /usr/bin/perl ./sdriver.pl -t trace11.txt -s ./tsh -a -p
 3225 pts/0    S+     0:00 ./tsh -p
 3234 pts/0    R      0:00 /bin/ps a
30104 pts/0    Ss     0:00 /bin/bash
30296 pts/0    T      0:00 bash testall.sh
30721 pts/0    T      0:00 make rtest16
30723 pts/0    T      0:00 /bin/sh -c ./sdriver.pl -t trace16.txt -s ./tshref -a "-p"
30724 pts/0    T      0:00 /usr/bin/perl ./sdriver.pl -t trace16.txt -s ./tshref -a -p
30725 pts/0    Z      0:00 [tshref] <defunct>
./sdriver.pl -t trace12.txt -s ./tsh -a "-p"
#
# trace12.txt - Forward SIGTSTP to every process in foreground process group
#
tsh> ./mysplit 4
Job [1] (3251) stopped by signal 20
tsh> jobs
[1] (3251) Stopped ./mysplit 4 
tsh> /bin/ps a
  PID TTY      STAT   TIME COMMAND
 1102 tty7     Ssl+  14:36 /usr/lib/xorg/Xorg -core :0 -seat seat0 -auth /var/run/lightdm/root/:0 -nolisten tcp vt7 -novtswitch
 1145 tty1     Ss+    0:00 /sbin/agetty --noclear tty1 linux
 2977 pts/0    S+     0:00 bash testall.sh
 3246 pts/0    S+     0:00 make test12
 3247 pts/0    S+     0:00 /bin/sh -c ./sdriver.pl -t trace12.txt -s ./tsh -a "-p"
 3248 pts/0    S+     0:00 /usr/bin/perl ./sdriver.pl -t trace12.txt -s ./tsh -a -p
 3249 pts/0    S+     0:00 ./tsh -p
 3251 pts/0    T      0:00 ./mysplit 4
 3252 pts/0    T      0:00 ./mysplit 4
 3256 pts/0    R      0:00 /bin/ps a
30104 pts/0    Ss     0:00 /bin/bash
30296 pts/0    T      0:00 bash testall.sh
30721 pts/0    T      0:00 make rtest16
30723 pts/0    T      0:00 /bin/sh -c ./sdriver.pl -t trace16.txt -s ./tshref -a "-p"
30724 pts/0    T      0:00 /usr/bin/perl ./sdriver.pl -t trace16.txt -s ./tshref -a -p
30725 pts/0    Z      0:00 [tshref] <defunct>
./sdriver.pl -t trace13.txt -s ./tsh -a "-p"
#
# trace13.txt - Restart every stopped process in process group
#
tsh> ./mysplit 4
Job [1] (3278) stopped by signal 20
tsh> jobs
[1] (3278) Stopped ./mysplit 4 
tsh> /bin/ps a
  PID TTY      STAT   TIME COMMAND
 1102 tty7     Ssl+  14:36 /usr/lib/xorg/Xorg -core :0 -seat seat0 -auth /var/run/lightdm/root/:0 -nolisten tcp vt7 -novtswitch
 1145 tty1     Ss+    0:00 /sbin/agetty --noclear tty1 linux
 2977 pts/0    S+     0:00 bash testall.sh
 3273 pts/0    S+     0:00 make test13
 3274 pts/0    S+     0:00 /bin/sh -c ./sdriver.pl -t trace13.txt -s ./tsh -a "-p"
 3275 pts/0    S+     0:00 /usr/bin/perl ./sdriver.pl -t trace13.txt -s ./tsh -a -p
 3276 pts/0    S+     0:00 ./tsh -p
 3278 pts/0    T      0:00 ./mysplit 4
 3279 pts/0    T      0:00 ./mysplit 4
 3283 pts/0    R      0:00 /bin/ps a
30104 pts/0    Ss     0:00 /bin/bash
30296 pts/0    T      0:00 bash testall.sh
30721 pts/0    T      0:00 make rtest16
30723 pts/0    T      0:00 /bin/sh -c ./sdriver.pl -t trace16.txt -s ./tshref -a "-p"
30724 pts/0    T      0:00 /usr/bin/perl ./sdriver.pl -t trace16.txt -s ./tshref -a -p
30725 pts/0    Z      0:00 [tshref] <defunct>
tsh> fg %1
tsh> /bin/ps a
  PID TTY      STAT   TIME COMMAND
 1102 tty7     Ssl+  14:36 /usr/lib/xorg/Xorg -core :0 -seat seat0 -auth /var/run/lightdm/root/:0 -nolisten tcp vt7 -novtswitch
 1145 tty1     Ss+    0:00 /sbin/agetty --noclear tty1 linux
 2977 pts/0    S+     0:00 bash testall.sh
 3273 pts/0    S+     0:00 make test13
 3274 pts/0    S+     0:00 /bin/sh -c ./sdriver.pl -t trace13.txt -s ./tsh -a "-p"
 3275 pts/0    S+     0:00 /usr/bin/perl ./sdriver.pl -t trace13.txt -s ./tsh -a -p
 3276 pts/0    S+     0:00 ./tsh -p
 3286 pts/0    R      0:00 /bin/ps a
30104 pts/0    Ss     0:00 /bin/bash
30296 pts/0    T      0:00 bash testall.sh
30721 pts/0    T      0:00 make rtest16
30723 pts/0    T      0:00 /bin/sh -c ./sdriver.pl -t trace16.txt -s ./tshref -a "-p"
30724 pts/0    T      0:00 /usr/bin/perl ./sdriver.pl -t trace16.txt -s ./tshref -a -p
30725 pts/0    Z      0:00 [tshref] <defunct>
./sdriver.pl -t trace14.txt -s ./tsh -a "-p"
#
# trace14.txt - Simple error handling
#
tsh> ./bogus
./bogus: Command not found
tsh> ./myspin 4 &
[1] (3314) ./myspin 4 &
tsh> fg
fg command requires PID or %jobid argument
tsh> bg
bg command requires PID or %jobid argument
tsh> fg a
fg: argument must be a PID or %jobid
tsh> bg a
bg: argument must be a PID or %jobid
tsh> fg 9999999
(9999999): No such process
tsh> bg 9999999
(9999999): No such process
tsh> fg %2
%2: No such job
tsh> fg %1
Job [1] (3314) stopped by signal 20
tsh> bg %2
%2: No such job
tsh> bg %1
[1] (3314) ./myspin 4 &
tsh> jobs
[1] (3314) Running ./myspin 4 &
./sdriver.pl -t trace15.txt -s ./tsh -a "-p"
#
# trace15.txt - Putting it all together
#
tsh> ./bogus
./bogus: Command not found
tsh> ./myspin 10
Job [1] (3355) terminated by signal 2
tsh> ./myspin 3 &
[1] (3357) ./myspin 3 &
tsh> ./myspin 4 &
[2] (3359) ./myspin 4 &
tsh> jobs
[1] (3357) Running ./myspin 3 &
[2] (3359) Running ./myspin 4 &
tsh> fg %1
Job [1] (3357) stopped by signal 20
tsh> jobs
[1] (3357) Stopped ./myspin 3 &
[2] (3359) Running ./myspin 4 &
tsh> bg %3
%3: No such job
tsh> bg %1
[1] (3357) ./myspin 3 &
tsh> jobs
[1] (3357) Running ./myspin 3 &
[2] (3359) Running ./myspin 4 &
tsh> fg %1
tsh> quit
./sdriver.pl -t trace16.txt -s ./tsh -a "-p"
#
# trace16.txt - Tests whether the shell can handle SIGTSTP and SIGINT
#     signals that come from other processes instead of the terminal.
#
tsh> ./mystop 2
Job [1] (3384) stopped by signal 20
tsh> jobs
[1] (3384) Stopped ./mystop 2
tsh> ./myint 2
Job [2] (3388) terminated by signal 2
